GLIBC_2.2.5 {
    global:
        /* string/memory operations */
        memcpy;
        memmove;
        memset;
        memcmp;
        memchr;
        strlen;
        strcmp;
        strcpy;
        strncpy;
        strcat;
        strncat;
        strchr;
        strrchr;
        strstr;
        strtok;

        /* memory allocation */
        malloc;
        free;
        calloc;
        realloc;

        /* iconv */
        iconv_open;
        iconv;
        iconv_close;

        /* startup */
        __glibc_rs_startup_phase0;
        __glibc_rs_startup_snapshot;

        /* passwd database */
        getpwnam;
        getpwuid;
        getpwent;
        setpwent;
        endpwent;
        getpwnam_r;
        getpwuid_r;

        /* group database */
        getgrnam;
        getgrgid;
        getgrent;
        setgrent;
        endgrent;
        getgrnam_r;
        getgrgid_r;

        /* math operations */
        sin;
        cos;
        tan;
        asin;
        acos;
        atan;
        atan2;
        exp;
        log;
        log10;
        pow;
        fabs;
        ceil;
        floor;
        round;
        fmod;
        erf;
        tgamma;
        lgamma;

    local:
        *;
};
